{"level":"warn","message":"gear . propagates api but has no api folder","timestamp":"2014-01-18T14:40:22.307Z"}
{"level":"info","message":"caminio server version 0.0.1 running on port 4000","timestamp":"2014-01-18T14:40:22.311Z"}
{"level":"warn","message":"gear . propagates api but has no api folder","timestamp":"2014-01-18T14:41:50.432Z"}
{"level":"info","message":"caminio server version 0.0.1 running on port 4000","timestamp":"2014-01-18T14:41:50.435Z"}
{"level":"warn","message":"gear . propagates api but has no api folder","timestamp":"2014-01-18T14:44:00.049Z"}
{"level":"info","message":"caminio server version 0.0.1 running on port 4000","timestamp":"2014-01-18T14:44:00.053Z"}
{"level":"warn","message":"gear . propagates api but has no api folder","timestamp":"2014-01-18T14:44:28.567Z"}
{"level":"info","message":"caminio server version 0.0.1 running on port 4000","timestamp":"2014-01-18T14:44:28.571Z"}
{"level":"warn","message":"gear . propagates api but has no api folder","timestamp":"2014-01-18T14:44:41.721Z"}
{"level":"info","message":"caminio server version 0.0.1 running on port 4000","timestamp":"2014-01-18T14:44:41.724Z"}
{"level":"warn","message":"gear . propagates api but has no api folder","timestamp":"2014-01-18T14:46:08.117Z"}
{"level":"info","message":"caminio server version 0.0.1 running on port 4000","timestamp":"2014-01-18T14:46:08.121Z"}
{"level":"warn","message":"gear . propagates api but has no api folder","timestamp":"2014-01-18T14:51:10.928Z"}
{"level":"info","message":"caminio server version 0.0.1 running on port 4000","timestamp":"2014-01-18T14:51:10.932Z"}
{"level":"warn","message":"gear . propagates api but has no api folder","timestamp":"2014-01-18T14:52:52.052Z"}
{"level":"info","message":"caminio server version 0.0.1 running on port 4000","timestamp":"2014-01-18T14:52:52.055Z"}
{"level":"warn","message":"gear . propagates api but has no api folder","timestamp":"2014-01-18T15:02:24.797Z"}
{"level":"info","message":"caminio server version 0.0.1 running on port 4000","timestamp":"2014-01-18T15:02:24.801Z"}
{"level":"warn","message":"gear . propagates api but has no api folder","timestamp":"2014-01-18T15:02:50.030Z"}
{"level":"info","message":"caminio server version 0.0.1 running on port 4000","timestamp":"2014-01-18T15:02:50.033Z"}
{"level":"warn","message":"gear . propagates api but has no api folder","timestamp":"2014-01-18T15:03:41.098Z"}
{"level":"info","message":"caminio server version 0.0.1 running on port 4000","timestamp":"2014-01-18T15:03:41.101Z"}
{"level":"warn","message":"gear . propagates api but has no api folder","timestamp":"2014-01-18T15:09:53.796Z"}
{"level":"info","message":"caminio server version 0.0.1 running on port 4000","timestamp":"2014-01-18T15:09:53.799Z"}
{"level":"warn","message":"gear . propagates api but has no api folder","timestamp":"2014-01-18T15:10:10.691Z"}
{"level":"info","message":"caminio server version 0.0.1 running on port 4000","timestamp":"2014-01-18T15:10:10.695Z"}
{"level":"warn","message":"gear . propagates api but has no api folder","timestamp":"2014-01-18T15:10:57.526Z"}
{"level":"info","message":"caminio server version 0.0.1 running on port 4000","timestamp":"2014-01-18T15:10:57.530Z"}
{"level":"warn","message":"gear . propagates api but has no api folder","timestamp":"2014-01-18T15:12:25.597Z"}
{"level":"info","message":"caminio server version 0.0.1 running on port 4000","timestamp":"2014-01-18T15:12:25.600Z"}
{"level":"info","message":"caminio server version 0.0.1 running on port 4000","timestamp":"2014-01-18T15:14:41.410Z"}
{"level":"info","message":"caminio server version 0.0.1 running on port 4000","timestamp":"2014-01-18T15:15:24.756Z"}
{"level":"info","message":"caminio server version 0.0.1 running on port 4000","timestamp":"2014-01-18T15:15:44.660Z"}
{"level":"info","message":"caminio server version 0.0.1 running on port 4000","timestamp":"2014-01-18T15:16:07.791Z"}
{"level":"info","message":"caminio server version 0.0.1 running on port 4000","timestamp":"2014-01-18T15:16:15.890Z"}
{"level":"info","message":"caminio server version 0.0.1 running on port 4000","timestamp":"2014-01-18T15:16:26.630Z"}
{"level":"info","message":"caminio server version 0.0.1 running on port 4000","timestamp":"2014-01-18T15:16:34.268Z"}
{"level":"info","message":"caminio server version 0.0.1 running on port 4000","timestamp":"2014-01-18T15:18:14.600Z"}
{"level":"info","message":"caminio server version 0.0.1 running on port 4000","timestamp":"2014-01-18T15:18:35.667Z"}
{"level":"info","message":"caminio server version 0.0.1 running on port 4000","timestamp":"2014-01-18T15:18:42.663Z"}
{"level":"info","message":"caminio server version 0.0.1 running on port 4000","timestamp":"2014-01-18T15:20:33.373Z"}
{"level":"info","message":"caminio server version 0.0.1 running on port 4000","timestamp":"2014-01-18T15:22:53.863Z"}
{"level":"info","message":"caminio server version 0.0.1 running on port 4000","timestamp":"2014-01-18T15:25:44.750Z"}
{"level":"info","message":"caminio server version 0.0.1 running on port 4000","timestamp":"2014-01-18T15:25:51.036Z"}
{"level":"info","message":"caminio server version 0.0.1 running on port 4000","timestamp":"2014-01-18T15:27:53.977Z"}
{"level":"info","message":"caminio server version 0.0.1 running on port 4000","timestamp":"2014-01-18T15:28:37.561Z"}
{"level":"info","message":"caminio server version 0.0.1 running on port 4000","timestamp":"2014-01-18T15:32:07.357Z"}
{"level":"info","message":"caminio server version 0.0.1 running on port 4000","timestamp":"2014-01-18T15:32:18.778Z"}
{"level":"info","message":"caminio server version 0.0.1 running on port 4000","timestamp":"2014-01-18T15:34:19.054Z"}
{"level":"info","message":"caminio server version 0.0.1 running on port 4000","timestamp":"2014-01-18T15:34:28.743Z"}
{"level":"info","message":"caminio server version 0.0.1 running on port 4000","timestamp":"2014-01-18T15:42:24.949Z"}
{"level":"info","message":"caminio server version 0.0.1 running on port 4000","timestamp":"2014-01-18T15:42:31.144Z"}
{"level":"info","message":"caminio server version 0.0.1 running on port 4000","timestamp":"2014-01-18T15:42:44.546Z"}
{"level":"info","message":"caminio server version 0.0.1 running on port 4000","timestamp":"2014-01-18T15:43:10.932Z"}
{"level":"info","message":"caminio server version 0.0.1 running on port 4000","timestamp":"2014-01-18T15:43:37.338Z"}
{"level":"info","message":"caminio server version 0.0.1 running on port 4000","timestamp":"2014-01-18T15:43:43.731Z"}
{"level":"info","message":"caminio server version 0.0.1 running on port 4000","timestamp":"2014-01-18T15:44:56.446Z"}
{"level":"info","message":"caminio server version 0.0.1 running on port 4000","timestamp":"2014-01-18T15:45:14.153Z"}
{"level":"info","message":"caminio server version 0.0.1 running on port 4000","timestamp":"2014-01-18T15:45:49.222Z"}
{"level":"info","message":"caminio server version 0.0.1 running on port 4000","timestamp":"2014-01-18T15:46:08.644Z"}
{"level":"info","message":"caminio server version 0.0.1 running on port 4000","timestamp":"2014-01-18T15:46:34.876Z"}
{"level":"info","message":"caminio server version 0.0.1 running on port 4000","timestamp":"2014-01-18T15:47:01.667Z"}
{"level":"info","message":"caminio server version 0.0.1 running on port 4000","timestamp":"2014-01-18T15:47:20.273Z"}
{"level":"info","message":"caminio server version 0.0.1 running on port 4000","timestamp":"2014-01-18T15:47:40.633Z"}
{"level":"info","message":"caminio server version 0.0.1 running on port 4000","timestamp":"2014-01-18T15:47:48.299Z"}
{"level":"info","message":"caminio server version 0.0.1 running on port 4000","timestamp":"2014-01-18T15:47:57.852Z"}
{"level":"info","message":"caminio server version 0.0.1 running on port 4000","timestamp":"2014-01-18T15:48:10.764Z"}
{"level":"info","message":"caminio server version 0.0.1 running on port 4000","timestamp":"2014-01-18T15:49:42.939Z"}
{"level":"info","message":"caminio server version 0.0.1 running on port 4000","timestamp":"2014-01-18T15:50:54.144Z"}
{"level":"info","message":"caminio server version 0.0.1 running on port 4000","timestamp":"2014-01-18T15:51:00.082Z"}
{"level":"info","message":"caminio server version 0.0.1 running on port 4000","timestamp":"2014-01-18T15:51:12.527Z"}
{"level":"info","message":"caminio server version 0.0.1 running on port 4000","timestamp":"2014-01-18T15:52:05.427Z"}
{"level":"info","message":"caminio server version 0.0.1 running on port 4000","timestamp":"2014-01-18T15:57:51.382Z"}
{"level":"info","message":"caminio server version 0.0.1 running on port 4000","timestamp":"2014-01-18T16:00:27.805Z"}
{"level":"info","message":"caminio server version 0.0.1 running on port 4000","timestamp":"2014-01-18T16:13:00.412Z"}
{"level":"info","message":"caminio server version 0.0.1 running on port 4000","timestamp":"2014-01-18T16:13:06.907Z"}
{"level":"info","message":"caminio server version 0.0.1 running on port 4000","timestamp":"2014-01-18T16:14:13.594Z"}
{"level":"info","message":"caminio server version 0.0.1 running on port 4000","timestamp":"2014-01-18T16:30:51.183Z"}
{"level":"info","message":"caminio server version 0.0.1 running on port 4000","timestamp":"2014-01-18T16:31:18.264Z"}
{"level":"info","message":"caminio server version 0.0.1 running on port 4000","timestamp":"2014-01-18T16:31:42.844Z"}
{"level":"info","message":"caminio server version 0.0.1 running on port 4000","timestamp":"2014-01-18T16:31:54.853Z"}
{"level":"info","message":"caminio server version 0.0.1 running on port 4000","timestamp":"2014-01-18T16:32:06.046Z"}
{"level":"info","message":"caminio server version 0.0.1 running on port 4000","timestamp":"2014-01-18T16:32:28.010Z"}
{"level":"info","message":"caminio server version 0.0.1 running on port 4000","timestamp":"2014-01-18T16:34:01.477Z"}
{"level":"info","message":"caminio server version 0.0.1 running on port 4000","timestamp":"2014-01-18T16:34:10.341Z"}
{"level":"info","message":"caminio server version 0.0.1 running on port 4000","timestamp":"2014-01-18T16:34:38.346Z"}
{"level":"info","message":"caminio server version 0.0.1 running on port 4000","timestamp":"2014-01-18T16:34:51.291Z"}
{"level":"info","message":"caminio server version 0.0.1 running on port 4000","timestamp":"2014-01-18T16:35:00.967Z"}
{"level":"info","message":"caminio server version 0.0.1 running on port 4000","timestamp":"2014-01-18T16:35:20.321Z"}
{"level":"info","message":"caminio server version 0.0.1 running on port 4000","timestamp":"2014-01-18T16:35:27.450Z"}
{"level":"info","message":"caminio server version 0.0.1 running on port 4000","timestamp":"2014-01-18T16:35:47.498Z"}
{"level":"info","message":"caminio server version 0.0.1 running on port 4000","timestamp":"2014-01-18T16:36:33.412Z"}
{"level":"info","message":"caminio server version 0.0.1 running on port 4000","timestamp":"2014-01-18T18:40:09.735Z"}
{"level":"info","message":"caminio server version 0.0.1 running on port 4000","timestamp":"2014-01-18T18:45:57.314Z"}
{"level":"info","message":"caminio server version 0.0.1 running on port 4000","timestamp":"2014-01-18T18:47:38.480Z"}
{"level":"info","message":"caminio server version 0.0.1 running on port 4000","timestamp":"2014-01-18T18:49:32.944Z"}
{"level":"info","message":"caminio server version 0.0.1 running on port 4000","timestamp":"2014-01-18T18:50:48.189Z"}
{"level":"info","message":"caminio server version 0.0.1 running on port 4000","timestamp":"2014-01-18T18:51:09.060Z"}
{"level":"error","message":"controller MainController has no action middleware","timestamp":"2014-01-18T18:51:49.956Z"}
{"level":"info","message":"caminio server version 0.0.1 running on port 4000","timestamp":"2014-01-18T18:51:49.959Z"}
{"level":"info","message":"caminio server version 0.0.1 running on port 4000","timestamp":"2014-01-18T18:55:20.919Z"}
{"level":"info","message":"caminio server version 0.0.1 running on port 4000","timestamp":"2014-01-18T18:58:16.564Z"}
{"level":"info","message":"caminio server version 0.0.1 running on port 4000","timestamp":"2014-01-18T18:59:51.730Z"}
{"level":"info","message":"caminio server version 0.0.1 running on port 4000","timestamp":"2014-01-18T19:00:29.988Z"}
{"level":"info","message":"caminio server version 0.0.1 running on port 4000","timestamp":"2014-01-18T19:00:52.429Z"}
{"level":"info","message":"caminio server version 0.0.1 running on port 4000","timestamp":"2014-01-18T19:01:26.752Z"}
{"level":"info","message":"caminio server version 0.0.1 running on port 4000","timestamp":"2014-01-18T19:05:36.950Z"}
